// Jest Snapshot v1, https://goo.gl/fbAQLP

exports[`observe should return observed model 1`] = `
Object {
  "test": Object {
    "a": 123,
  },
}
`;
