// Jest Snapshot v1, https://goo.gl/fbAQLP

exports[`run should rehydrate the provided model 1`] = `
Array [
  Array [
    321,
  ],
]
`;
